Enumerating objects: 29, done.
Counting objects:   3% (1/29)
Counting objects:   6% (2/29)
Counting objects:  10% (3/29)
Counting objects:  13% (4/29)
Counting objects:  17% (5/29)
Counting objects:  20% (6/29)
Counting objects:  24% (7/29)
Counting objects:  27% (8/29)
Counting objects:  31% (9/29)
Counting objects:  34% (10/29)
Counting objects:  37% (11/29)
Counting objects:  41% (12/29)
Counting objects:  44% (13/29)
Counting objects:  48% (14/29)
Counting objects:  51% (15/29)
Counting objects:  55% (16/29)
Counting objects:  58% (17/29)
Counting objects:  62% (18/29)
Counting objects:  65% (19/29)
Counting objects:  68% (20/29)
Counting objects:  72% (21/29)
Counting objects:  75% (22/29)
Counting objects:  79% (23/29)
Counting objects:  82% (24/29)
Counting objects:  86% (25/29)
Counting objects:  89% (26/29)
Counting objects:  93% (27/29)
Counting objects:  96% (28/29)
Counting objects: 100% (29/29)
Counting objects: 100% (29/29), done.
Delta compression using up to 2 threads
Compressing objects:   6% (1/15)
Compressing objects:  13% (2/15)
Compressing objects:  20% (3/15)
