Enumerating objects: 29, done.
Counting objects:   3% (1/29)
Counting objects:   6% (2/29)
Counting objects:  10% (3/29)
Counting objects:  13% (4/29)
Counting objects:  17% (5/29)
Counting objects:  20% (6/29)
Counting objects:  24% (7/29)
Counting objects:  27% (8/29)
Counting objects:  31% (9/29)
Counting objects:  34% (10/29)
Counting objects:  37% (11/29)
Counting objects:  41% (12/29)
Counting objects:  44% (13/29)
Counting objects:  48% (14/29)
Counting objects:  51% (15/29)
Counting objects:  55% (16/29)
Counting objects:  58% (17/29)
Counting objects:  62% (18/29)
Counting objects:  65% (19/29)
Counting objects:  68% (20/29)
Counting objects:  72% (21/29)
Counting objects:  75% (22/29)
Counting objects:  79% (23/29)
Counting objects:  82% (24/29)
Counting objects:  86% (25/29)
Counting objects:  89% (26/29)
Counting objects:  93% (27/29)
Counting objects:  96% (28/29)
Counting objects: 100% (29/29)
Counting objects: 100% (29/29), done.
Delta compression using up to 2 threads
Compressing objects:   6% (1/15)
Compressing objects:  13% (2/15)
Compressing objects:  20% (3/15)
Compressing objects:  26% (4/15)
Compressing objects:  33% (5/15)
Compressing objects:  40% (6/15)
Compressing objects:  46% (7/15)
Compressing objects:  53% (8/15)
Compressing objects:  60% (9/15)
Compressing objects:  66% (10/15)
Compressing objects:  73% (11/15)
Compressing objects:  80% (12/15)
Compressing objects:  86% (13/15)
Compressing objects:  93% (14/15)
Compressing objects: 100% (15/15)
Compressing objects: 100% (15/15), done.
Writing objects:   6% (1/15)
Writing objects:  13% (2/15)
Writing objects:  13% (2/15), 1.06 MiB | 1.18 MiB/s
Writing objects:  13% (2/15), 2.94 MiB | 2.13 MiB/s
Writing objects:  13% (2/15), 10.00 MiB | 4.19 MiB/s
Writing objects:  13% (2/15), 19.18 MiB | 5.63 MiB/s
Writing objects:  13% (2/15), 24.62 MiB | 1.78 MiB/s
Writing objects:  13% (2/15), 34.36 MiB | 2.38 MiB/s
Writing objects:  26% (4/15), 34.36 MiB | 2.38 MiB/s
Writing objects:  26% (4/15), 36.24 MiB | 1.84 MiB/s
Writing objects:  26% (4/15), 42.74 MiB | 2.04 MiB/s
Writing objects:  26% (4/15), 48.67 MiB | 1.97 MiB/s
Writing objects:  26% (4/15), 54.42 MiB | 1.78 MiB/s
Writing objects:  26% (4/15), 61.11 MiB | 3.41 MiB/s
Writing objects:  33% (5/15), 61.11 MiB | 3.41 MiB/s
Writing objects:  33% (5/15), 62.85 MiB | 2.39 MiB/s
Writing objects:  33% (5/15), 69.67 MiB | 4.26 MiB/s
Writing objects:  33% (5/15), 75.66 MiB | 3.83 MiB/s
Writing objects:  40% (6/15), 78.85 MiB | 3.86 MiB/s
Writing objects:  40% (6/15), 80.04 MiB | 2.87 MiB/s
Writing objects:  46% (7/15), 86.60 MiB | 3.29 MiB/s
Writing objects:  46% (7/15), 88.22 MiB | 1.64 MiB/s
Writing objects:  46% (7/15), 94.53 MiB | 1.81 MiB/s
Writing objects:  46% (7/15), 100.59 MiB | 2.02 MiB/s
Writing objects:  46% (7/15), 106.40 MiB | 2.01 MiB/s
Writing objects:  46% (7/15), 112.46 MiB | 2.42 MiB/s
Writing objects:  46% (7/15), 118.71 MiB | 6.62 MiB/s
Writing objects:  46% (7/15), 125.15 MiB | 6.04 MiB/s
Writing objects:  53% (8/15), 125.15 MiB | 6.04 MiB/s
Writing objects:  53% (8/15), 127.21 MiB | 1.44 MiB/s
error: RPC failed; HTTP 408 curl 22 The requested URL returned error: 408
send-pack: unexpected disconnect while reading sideband packet
Writing objects:  53% (8/15), 165.76 MiB | 1.40 MiB/s
Writing objects:  66% (10/15), 165.76 MiB | 1.40 MiB/s
Writing objects:  66% (10/15), 177.13 MiB | 1.25 MiB/s
Writing objects:  73% (11/15), 177.13 MiB | 1.25 MiB/s
Writing objects:  73% (11/15), 215.43 MiB | 1.70 MiB/s
Writing objects:  80% (12/15), 251.17 MiB | 2.24 MiB/s
Writing objects:  80% (12/15), 251.29 MiB | 1.90 MiB/s
Writing objects:  86% (13/15), 285.85 MiB | 2.35 MiB/s
Writing objects:  86% (13/15), 286.22 MiB | 2.20 MiB/s
Writing objects:  93% (14/15), 286.22 MiB | 2.20 MiB/s
Writing objects:  93% (14/15), 305.71 MiB | 2.57 MiB/s
Writing objects: 100% (15/15), 331.14 MiB | 2.76 MiB/s
Writing objects: 100% (15/15), 343.06 MiB | 2.52 MiB/s, done.
Total 15 (delta 2), reused 0 (delta 0), pack-reused 0 (from 0)
fatal: the remote end hung up unexpectedly
Everything up-to-date
